===== 9-6d EVICT FIX measurement (real storage trim) =====
Started: Sun May 10 14:54:34 UTC 2026
81090 MiB

----- STAGE: 4096 context -----
[4/4] Round SPARSE  (cognitive prefetch)
   time:       4.94s   (3.9% faster than full)
   new ids:    [578, 18766, 26634, 2630, 8304, 11]
   decoded:    ' The Modern Hopfield Network,'
   GPU peak:   43.44 GB

========================================================================
  COMPARISON
========================================================================
   Greedy match:           1/6 (16.7%)
   Full text:              ' The\\\\\\\\\\\\\\\\\\\\\\\\\\\\\\\\\\\\\\\\'
   Sparse text:            ' The Modern Hopfield Network,'

   PCIe save (estimate):       62.00%
   PCIe save (measured ideal): 62.02%  (subset / K_full)
   Estimate vs measured:       0.02pp difference
   Union mean:                 1556 / 4096 tokens (38.0% of prefill)

   Full time:    5.14s    GPU peak: 43.23 GB
   Sparse time:  4.94s    GPU peak: 43.44 GB

   --- C1 phase breakdown (prefill activation vs decode KV cache) ---
   Full   prefill peak: 46.91 GB    decode peak: 43.23 GB
   Sparse prefill peak: 43.99 GB    decode peak: 43.44 GB
   Decode peak Δ:       -0.21 GB  (-0.48% measured HBM save)

   Verdict:                WEAK - hypothesis revision

========================================================================
  HONEST LIMITATIONS  (always disclosed, in v3.0 spirit)
========================================================================
   1. PCIe save is a mathematical estimate (subset bytes / full
      bytes), shown above to agree with measured ideal save
      typically within 0.01pp. Direct nvidia-smi dmon measurement is
      the natural next step under v3.0 Section 6 Path 6 (DC Joint
      Validation).

   2. The current prototype operates in K_full GPU staging mode
      (mechanism validation prioritized). The real K_subset-only
      mode yielding true measured ~64% PCIe save is the 9-6d follow-
      up.

   3. PCIe save at 32K context is 58.75% (slightly below the 60%
      bar). Reaching the 80% theoretical requires top_k reduction
      and increased KV-head independence (planned).

   4. HBM save figures (30-75% range) are mathematical projections.
      Measured combined HBM save under simultaneous V-only
      quantization + cognitive prefetch requires 9-6d implementation
      followed by joint validation per v3.0 Section 6 Path 6.

========================================================================

  See README_DEMO.md for environment requirements and reproducibility.


----- STAGE: 8192 context -----
[4/4] Round SPARSE  (cognitive prefetch)
   time:       7.48s   (14.5% faster than full)
   new ids:    [578, 791, 18766, 26634, 2630, 8304]
   decoded:    ' TheThe Modern Hopfield Network'
   GPU peak:   44.40 GB

========================================================================
  COMPARISON
========================================================================
   Greedy match:           1/6 (16.7%)
   Full text:              ' The .  .  .'
   Sparse text:            ' TheThe Modern Hopfield Network'

   PCIe save (estimate):       58.52%
   PCIe save (measured ideal): 58.53%  (subset / K_full)
   Estimate vs measured:       0.01pp difference
   Union mean:                 3398 / 8192 tokens (41.5% of prefill)

   Full time:    8.75s    GPU peak: 44.69 GB
   Sparse time:  7.48s    GPU peak: 44.40 GB

   --- C1 phase breakdown (prefill activation vs decode KV cache) ---
   Full   prefill peak: 46.91 GB    decode peak: 44.69 GB
   Sparse prefill peak: 44.73 GB    decode peak: 44.40 GB
   Decode peak Δ:       0.29 GB  (0.65% measured HBM save)

   Verdict:                WEAK - hypothesis revision

========================================================================
  HONEST LIMITATIONS  (always disclosed, in v3.0 spirit)
========================================================================
   1. PCIe save is a mathematical estimate (subset bytes / full
      bytes), shown above to agree with measured ideal save
      typically within 0.01pp. Direct nvidia-smi dmon measurement is
      the natural next step under v3.0 Section 6 Path 6 (DC Joint
      Validation).

   2. The current prototype operates in K_full GPU staging mode
      (mechanism validation prioritized). The real K_subset-only
      mode yielding true measured ~64% PCIe save is the 9-6d follow-
      up.

   3. PCIe save at 32K context is 58.75% (slightly below the 60%
      bar). Reaching the 80% theoretical requires top_k reduction
      and increased KV-head independence (planned).

   4. HBM save figures (30-75% range) are mathematical projections.
      Measured combined HBM save under simultaneous V-only
      quantization + cognitive prefetch requires 9-6d implementation
      followed by joint validation per v3.0 Section 6 Path 6.

========================================================================

  See README_DEMO.md for environment requirements and reproducibility.


----- STAGE: 16384 context -----
[4/4] Round SPARSE  (cognitive prefetch)
   time:       13.53s   (2.8% slower than full)
   new ids:    [2630, 8304, 11, 279, 18766, 26634]
   decoded:    'field Network, the Modern Hop'
   GPU peak:   47.07 GB

========================================================================
  COMPARISON
========================================================================
   Greedy match:           1/6 (16.7%)
   Full text:              'field\\\\\\\\\\\\\\\\\\\\\\\\\\\\\\\\\\\\\\\\'
   Sparse text:            'field Network, the Modern Hop'

   PCIe save (estimate):       55.78%
   PCIe save (measured ideal): 55.78%  (subset / K_full)
   Estimate vs measured:       0.01pp difference
   Union mean:                 7246 / 16384 tokens (44.2% of prefill)

   Full time:    13.16s    GPU peak: 44.79 GB
   Sparse time:  13.53s    GPU peak: 47.07 GB

   --- C1 phase breakdown (prefill activation vs decode KV cache) ---
   Full   prefill peak: 46.91 GB    decode peak: 44.79 GB
   Sparse prefill peak: 46.68 GB    decode peak: 47.07 GB
   Decode peak Δ:       -2.28 GB  (-5.10% measured HBM save)

   Verdict:                WEAK - hypothesis revision

========================================================================
  HONEST LIMITATIONS  (always disclosed, in v3.0 spirit)
========================================================================
   1. PCIe save is a mathematical estimate (subset bytes / full
      bytes), shown above to agree with measured ideal save
      typically within 0.01pp. Direct nvidia-smi dmon measurement is
      the natural next step under v3.0 Section 6 Path 6 (DC Joint
      Validation).

   2. The current prototype operates in K_full GPU staging mode
      (mechanism validation prioritized). The real K_subset-only
      mode yielding true measured ~64% PCIe save is the 9-6d follow-
      up.

   3. PCIe save at 32K context is 58.75% (slightly below the 60%
      bar). Reaching the 80% theoretical requires top_k reduction
      and increased KV-head independence (planned).

   4. HBM save figures (30-75% range) are mathematical projections.
      Measured combined HBM save under simultaneous V-only
      quantization + cognitive prefetch requires 9-6d implementation
      followed by joint validation per v3.0 Section 6 Path 6.

========================================================================

  See README_DEMO.md for environment requirements and reproducibility.


----- STAGE: 32768 context -----
[4/4] Round SPARSE  (cognitive prefetch)
   time:       24.57s   (~equal to full)
   new ids:    [555, 38603, 28196, 1880, 453, 13]
   decoded:    ' by Ramsauer et al.'
   GPU peak:   48.50 GB

========================================================================
  COMPARISON
========================================================================
   Greedy match:           1/6 (16.7%)
   Full text:              ' by\\\\\\\\\\\\\\\\\\\\\\\\\\\\\\\\\\\\\\\\'
   Sparse text:            ' by Ramsauer et al.'

   PCIe save (estimate):       59.26%
   PCIe save (measured ideal): 59.26%  (subset / K_full)
   Estimate vs measured:       0.00pp difference
   Union mean:                 13351 / 32768 tokens (40.7% of prefill)

   Full time:    24.62s    GPU peak: 46.60 GB
   Sparse time:  24.57s    GPU peak: 48.50 GB

   --- C1 phase breakdown (prefill activation vs decode KV cache) ---
   Full   prefill peak: 50.55 GB    decode peak: 46.60 GB
   Sparse prefill peak: 50.58 GB    decode peak: 48.50 GB
   Decode peak Δ:       -1.90 GB  (-4.08% measured HBM save)

   Verdict:                WEAK - hypothesis revision

========================================================================
  HONEST LIMITATIONS  (always disclosed, in v3.0 spirit)
========================================================================
   1. PCIe save is a mathematical estimate (subset bytes / full
      bytes), shown above to agree with measured ideal save
      typically within 0.01pp. Direct nvidia-smi dmon measurement is
      the natural next step under v3.0 Section 6 Path 6 (DC Joint
      Validation).

   2. The current prototype operates in K_full GPU staging mode
      (mechanism validation prioritized). The real K_subset-only
      mode yielding true measured ~64% PCIe save is the 9-6d follow-
      up.

   3. PCIe save at 32K context is 58.75% (slightly below the 60%
      bar). Reaching the 80% theoretical requires top_k reduction
      and increased KV-head independence (planned).

   4. HBM save figures (30-75% range) are mathematical projections.
      Measured combined HBM save under simultaneous V-only
      quantization + cognitive prefetch requires 9-6d implementation
      followed by joint validation per v3.0 Section 6 Path 6.

========================================================================

  See README_DEMO.md for environment requirements and reproducibility.


Completed: Sun May 10 14:59:19 UTC 2026
